Archive member included to satisfy reference by file (symbol)

C:/ST/STM32CubeIDE_1.16.0/STM32CubeIDE/plugins/com.st.stm32cube.ide.mcu.externaltools.gnu-tools-for-stm32.12.3.rel1.win32_1.0.200.202406191623/tools/bin/../lib/gcc/arm-none-eabi/12.3.1/../../../../arm-none-eabi/lib/thumb/v7-m/nofp\libc_nano.a(libc_a-exit.o)
                              C:/ST/STM32CubeIDE_1.16.0/STM32CubeIDE/plugins/com.st.stm32cube.ide.mcu.externaltools.gnu-tools-for-stm32.12.3.rel1.win32_1.0.200.202406191623/tools/bin/../lib/gcc/arm-none-eabi/12.3.1/../../../../arm-none-eabi/lib/thumb/v7-m/nofp/crt0.o (exit)
C:/ST/STM32CubeIDE_1.16.0/STM32CubeIDE/plugins/com.st.stm32cube.ide.mcu.externaltools.gnu-tools-for-stm32.12.3.rel1.win32_1.0.200.202406191623/tools/bin/../lib/gcc/arm-none-eabi/12.3.1/../../../../arm-none-eabi/lib/thumb/v7-m/nofp\libc_nano.a(libc_a-findfp.o)
                              C:/ST/STM32CubeIDE_1.16.0/STM32CubeIDE/plugins/com.st.stm32cube.ide.mcu.externaltools.gnu-tools-for-stm32.12.3.rel1.win32_1.0.200.202406191623/tools/bin/../lib/gcc/arm-none-eabi/12.3.1/../../../../arm-none-eabi/lib/thumb/v7-m/nofp\libc_nano.a(libc_a-exit.o) (__stdio_exit_handler)
C:/ST/STM32CubeIDE_1.16.0/STM32CubeIDE/plugins/com.st.stm32cube.ide.mcu.externaltools.gnu-tools-for-stm32.12.3.rel1.win32_1.0.200.202406191623/tools/bin/../lib/gcc/arm-none-eabi/12.3.1/../../../../arm-none-eabi/lib/thumb/v7-m/nofp\libc_nano.a(libc_a-fwalk.o)
                              C:/ST/STM32CubeIDE_1.16.0/STM32CubeIDE/plugins/com.st.stm32cube.ide.mcu.externaltools.gnu-tools-for-stm32.12.3.rel1.win32_1.0.200.202406191623/tools/bin/../lib/gcc/arm-none-eabi/12.3.1/../../../../arm-none-eabi/lib/thumb/v7-m/nofp\libc_nano.a(libc_a-findfp.o) (_fwalk_sglue)
C:/ST/STM32CubeIDE_1.16.0/STM32CubeIDE/plugins/com.st.stm32cube.ide.mcu.externaltools.gnu-tools-for-stm32.12.3.rel1.win32_1.0.200.202406191623/tools/bin/../lib/gcc/arm-none-eabi/12.3.1/../../../../arm-none-eabi/lib/thumb/v7-m/nofp\libc_nano.a(libc_a-stdio.o)
                              C:/ST/STM32CubeIDE_1.16.0/STM32CubeIDE/plugins/com.st.stm32cube.ide.mcu.externaltools.gnu-tools-for-stm32.12.3.rel1.win32_1.0.200.202406191623/tools/bin/../lib/gcc/arm-none-eabi/12.3.1/../../../../arm-none-eabi/lib/thumb/v7-m/nofp\libc_nano.a(libc_a-findfp.o) (__sread)
C:/ST/STM32CubeIDE_1.16.0/STM32CubeIDE/plugins/com.st.stm32cube.ide.mcu.externaltools.gnu-tools-for-stm32.12.3.rel1.win32_1.0.200.202406191623/tools/bin/../lib/gcc/arm-none-eabi/12.3.1/../../../../arm-none-eabi/lib/thumb/v7-m/nofp\libc_nano.a(libc_a-memset.o)
                              C:/ST/STM32CubeIDE_1.16.0/STM32CubeIDE/plugins/com.st.stm32cube.ide.mcu.externaltools.gnu-tools-for-stm32.12.3.rel1.win32_1.0.200.202406191623/tools/bin/../lib/gcc/arm-none-eabi/12.3.1/../../../../arm-none-eabi/lib/thumb/v7-m/nofp/crt0.o (memset)
C:/ST/STM32CubeIDE_1.16.0/STM32CubeIDE/plugins/com.st.stm32cube.ide.mcu.externaltools.gnu-tools-for-stm32.12.3.rel1.win32_1.0.200.202406191623/tools/bin/../lib/gcc/arm-none-eabi/12.3.1/../../../../arm-none-eabi/lib/thumb/v7-m/nofp\libc_nano.a(libc_a-closer.o)
                              C:/ST/STM32CubeIDE_1.16.0/STM32CubeIDE/plugins/com.st.stm32cube.ide.mcu.externaltools.gnu-tools-for-stm32.12.3.rel1.win32_1.0.200.202406191623/tools/bin/../lib/gcc/arm-none-eabi/12.3.1/../../../../arm-none-eabi/lib/thumb/v7-m/nofp\libc_nano.a(libc_a-stdio.o) (_close_r)
C:/ST/STM32CubeIDE_1.16.0/STM32CubeIDE/plugins/com.st.stm32cube.ide.mcu.externaltools.gnu-tools-for-stm32.12.3.rel1.win32_1.0.200.202406191623/tools/bin/../lib/gcc/arm-none-eabi/12.3.1/../../../../arm-none-eabi/lib/thumb/v7-m/nofp\libc_nano.a(libc_a-reent.o)
                              C:/ST/STM32CubeIDE_1.16.0/STM32CubeIDE/plugins/com.st.stm32cube.ide.mcu.externaltools.gnu-tools-for-stm32.12.3.rel1.win32_1.0.200.202406191623/tools/bin/../lib/gcc/arm-none-eabi/12.3.1/../../../../arm-none-eabi/lib/thumb/v7-m/nofp\libc_nano.a(libc_a-closer.o) (errno)
C:/ST/STM32CubeIDE_1.16.0/STM32CubeIDE/plugins/com.st.stm32cube.ide.mcu.externaltools.gnu-tools-for-stm32.12.3.rel1.win32_1.0.200.202406191623/tools/bin/../lib/gcc/arm-none-eabi/12.3.1/../../../../arm-none-eabi/lib/thumb/v7-m/nofp\libc_nano.a(libc_a-impure.o)
                              C:/ST/STM32CubeIDE_1.16.0/STM32CubeIDE/plugins/com.st.stm32cube.ide.mcu.externaltools.gnu-tools-for-stm32.12.3.rel1.win32_1.0.200.202406191623/tools/bin/../lib/gcc/arm-none-eabi/12.3.1/../../../../arm-none-eabi/lib/thumb/v7-m/nofp\libc_nano.a(libc_a-reent.o) (_impure_ptr)
C:/ST/STM32CubeIDE_1.16.0/STM32CubeIDE/plugins/com.st.stm32cube.ide.mcu.externaltools.gnu-tools-for-stm32.12.3.rel1.win32_1.0.200.202406191623/tools/bin/../lib/gcc/arm-none-eabi/12.3.1/../../../../arm-none-eabi/lib/thumb/v7-m/nofp\libc_nano.a(libc_a-lseekr.o)
[...]
Memory Configuration

Name             Origin             Length             Attributes
RAM              0x20000000         0x00005000         xrw
FLASH            0x08000000         0x00020000         xr
*default*        0x00000000         0xffffffff

Linker script and memory map

LOAD C:/ST/STM32CubeIDE_1.16.0/STM32CubeIDE/plugins/com.st.stm32cube.ide.mcu.externaltools.gnu-tools-for-stm32.12.3.rel1.win32_1.0.200.202406191623/tools/bin/../lib/gcc/arm-none-eabi/12.3.1/thumb/v7-m/nofp/crti.o
LOAD C:/ST/STM32CubeIDE_1.16.0/STM32CubeIDE/plugins/com.st.stm32cube.ide.mcu.externaltools.gnu-tools-for-stm32.12.3.rel1.win32_1.0.200.202406191623/tools/bin/../lib/gcc/arm-none-eabi/12.3.1/thumb/v7-m/nofp/crtbegin.o
LOAD C:/ST/STM32CubeIDE_1.16.0/STM32CubeIDE/plugins/com.st.stm32cube.ide.mcu.externaltools.gnu-tools-for-stm32.12.3.rel1.win32_1.0.200.202406191623/tools/bin/../lib/gcc/arm-none-eabi/12.3.1/../../../../arm-none-eabi/lib/thumb/v7-m/nofp/crt0.o
LOAD ./Core/Src/button.o
LOAD ./Core/Src/fsm.automatic.o
LOAD ./Core/Src/global.o
LOAD ./Core/Src/input_processing.o
LOAD ./Core/Src/input_reading.o
LOAD ./Core/Src/main.o
LOAD ./Core/Src/software_timer.o
LOAD ./Core/Src/stm32f1xx_hal_msp.o
LOAD ./Core/Src/stm32f1xx_it.o
LOAD ./Core/Src/syscalls.o
LOAD ./Core/Src/sysmem.o
LOAD ./Core/Src/system_stm32f1xx.o
LOAD ./Core/Src/timer.o
LOAD ./Core/Startup/startup_stm32f103rbtx.o
LOAD ./Drivers/STM32F1xx_HAL_Driver/Src/stm32f1xx_hal.o
LOAD ./Drivers/STM32F1xx_HAL_Driver/Src/stm32f1xx_hal_cortex.o
LOAD ./Drivers/STM32F1xx_HAL_Driver/Src/stm32f1xx_hal_dma.o
LOAD ./Drivers/STM32F1xx_HAL_Driver/Src/stm32f1xx_hal_exti.o
LOAD ./Drivers/STM32F1xx_HAL_Driver/Src/stm32f1xx_hal_flash.o
LOAD ./Drivers/STM32F1xx_HAL_Driver/Src/stm32f1xx_hal_flash_ex.o
LOAD ./Drivers/STM32F1xx_HAL_Driver/Src/stm32f1xx_hal_gpio.o
LOAD ./Drivers/STM32F1xx_HAL_Driver/Src/stm32f1xx_hal_gpio_ex.o
LOAD ./Drivers/STM32F1xx_HAL_Driver/Src/stm32f1xx_hal_pwr.o
LOAD ./Drivers/STM32F1xx_HAL_Driver/Src/stm32f1xx_hal_rcc.o
LOAD ./Drivers/STM32F1xx_HAL_Driver/Src/stm32f1xx_hal_rcc_ex.o
LOAD ./Drivers/STM32F1xx_HAL_Driver/Src/stm32f1xx_hal_tim.o
LOAD ./Drivers/STM32F1xx_HAL_Driver/Src/stm32f1xx_hal_tim_ex.o
START GROUP
LOAD C:/ST/STM32CubeIDE_1.16.0/STM32CubeIDE/plugins/com.st.stm32cube.ide.mcu.externaltools.gnu-tools-for-stm32.12.3.rel1.win32_1.0.200.202406191623/tools/bin/../lib/gcc/arm-none-eabi/12.3.1/../../../../arm-none-eabi/lib/thumb/v7-m/nofp\libc_nano.a
LOAD C:/ST/STM32CubeIDE_1.16.0/STM32CubeIDE/plugins/com.st.stm32cube.ide.mcu.externaltools.gnu-tools-for-stm32.12.3.rel1.win32_1.0.200.202406191623/tools/bin/../lib/gcc/arm-none-eabi/12.3.1/../../../../arm-none-eabi/lib/thumb/v7-m/nofp\libm.a
END GROUP
START GROUP
LOAD C:/ST/STM32CubeIDE_1.16.0/STM32CubeIDE/plugins/com.st.stm32cube.ide.mcu.externaltools.gnu-tools-for-stm32.12.3.rel1.win32_1.0.200.202406191623/tools/bin/../lib/gcc/arm-none-eabi/12.3.1/thumb/v7-m/nofp\libgcc.a
LOAD C:/ST/STM32CubeIDE_1.16.0/STM32CubeIDE/plugins/com.st.stm32cube.ide.mcu.externaltools.gnu-tools-for-stm32.12.3.rel1.win32_1.0.200.202406191623/tools/bin/../lib/gcc/arm-none-eabi/12.3.1/../../../../arm-none-eabi/lib/thumb/v7-m/nofp\libc_nano.a
END GROUP
START GROUP
LOAD C:/ST/STM32CubeIDE_1.16.0/STM32CubeIDE/plugins/com.st.stm32cube.ide.mcu.externaltools.gnu-tools-for-stm32.12.3.rel1.win32_1.0.200.202406191623/tools/bin/../lib/gcc/arm-none-eabi/12.3.1/thumb/v7-m/nofp\libgcc.a
LOAD C:/ST/STM32CubeIDE_1.16.0/STM32CubeIDE/plugins/com.st.stm32cube.ide.mcu.externaltools.gnu-tools-for-stm32.12.3.rel1.win32_1.0.200.202406191623/tools/bin/../lib/gcc/arm-none-eabi/12.3.1/../../../../arm-none-eabi/lib/thumb/v7-m/nofp\libc_nano.a
LOAD C:/ST/STM32CubeIDE_1.16.0/STM32CubeIDE/plugins/com.st.stm32cube.ide.mcu.externaltools.gnu-tools-for-stm32.12.3.rel1.win32_1.0.200.202406191623/tools/bin/../lib/gcc/arm-none-eabi/12.3.1/../../../../arm-none-eabi/lib/thumb/v7-m/nofp\libnosys.a
END GROUP
START GROUP
LOAD C:/ST/STM32CubeIDE_1.16.0/STM32CubeIDE/plugins/com.st.stm32cube.ide.mcu.externaltools.gnu-tools-for-stm32.12.3.rel1.win32_1.0.200.202406191623/tools/bin/../lib/gcc/arm-none-eabi/12.3.1/thumb/v7-m/nofp\libgcc.a
LOAD C:/ST/STM32CubeIDE_1.16.0/STM32CubeIDE/plugins/com.st.stm32cube.ide.mcu.externaltools.gnu-tools-for-stm32.12.3.rel1.win32_1.0.200.202406191623/tools/bin/../lib/gcc/arm-none-eabi/12.3.1/../../../../arm-none-eabi/lib/thumb/v7-m/nofp\libc_nano.a
LOAD C:/ST/STM32CubeIDE_1.16.0/STM32CubeIDE/plugins/com.st.stm32cube.ide.mcu.externaltools.gnu-tools-for-stm32.12.3.rel1.win32_1.0.200.202406191623/tools/bin/../lib/gcc/arm-none-eabi/12.3.1/../../../../arm-none-eabi/lib/thumb/v7-m/nofp\libnosys.a
END GROUP
LOAD C:/ST/STM32CubeIDE_1.16.0/STM32CubeIDE/plugins/com.st.stm32cube.ide.mcu.externaltools.gnu-tools-for-stm32.12.3.rel1.win32_1.0.200.202406191623/tools/bin/../lib/gcc/arm-none-eabi/12.3.1/thumb/v7-m/nofp/crtend.o
LOAD C:/ST/STM32CubeIDE_1.16.0/STM32CubeIDE/plugins/com.st.stm32cube.ide.mcu.externaltools.gnu-tools-for-stm32.12.3.rel1.win32_1.0.200.202406191623/tools/bin/../lib/gcc/arm-none-eabi/12.3.1/thumb/v7-m/nofp/crtn.o
                0x20005000                        _estack = (ORIGIN (RAM) + LENGTH (RAM))
                0x00000200                        _Min_Heap_Size = 0x200
                0x00000400                        _Min_Stack_Size = 0x400

.isr_vector     0x08000000      0x10c
                0x08000000                        . = ALIGN (0x4)
 *(.isr_vector)
 .isr_vector    0x08000000      0x10c ./Core/Startup/startup_stm32f103rbtx.o
                0x08000000                g_pfnVectors
                0x0800010c                        . = ALIGN (0x4)

.text           0x0800010c     0x2514
                0x0800010c                        . = ALIGN (0x4)
 *(.text)
 .text          0x0800010c       0x40 C:/ST/STM32CubeIDE_1.16.0/STM32CubeIDE/plugins/com.st.stm32cube.ide.mcu.externaltools.gnu-tools-for-stm32.12.3.rel1.win32_1.0.200.202406191623/tools/bin/../lib/gcc/arm-none-eabi/12.3.1/thumb/v7-m/nofp/crtbegin.o
 *(.text*)
 .text.isButtonPressed
                0x0800014c       0x34 ./Core/Src/button.o
                0x0800014c                isButtonPressed
 .text.isButtonLongPressed
                0x08000180       0x34 ./Core/Src/button.o
                0x08000180                isButtonLongPressed
 .text.getKeyInput
                0x080001b4      0x16c ./Core/Src/button.o
                0x080001b4                getKeyInput
 .text.setLightH
                0x08000320       0xe0 ./Core/Src/fsm.automatic.o
                0x08000320                setLightH
 .text.setLightV
                0x08000400       0xe8 ./Core/Src/fsm.automatic.o
                0x08000400                setLightV
 .text.auto_traffic
                0x080004e8      0x134 ./Core/Src/fsm.automatic.o
                0x080004e8                auto_traffic
 .text.fsm_automatic_run
                0x0800061c      0x45c ./Core/Src/fsm.automatic.o
                0x0800061c                fsm_automatic_run
 .text.main     0x08000a78       0x28 ./Core/Src/main.o
                0x08000a78                main
 .text.SystemClock_Config
                0x08000aa0       0x76 ./Core/Src/main.o
                0x08000aa0                SystemClock_Config
 *fill*         0x08000b16        0x2 
 .text.MX_TIM2_Init
                0x08000b18       0x98 ./Core/Src/main.o
 .text.MX_GPIO_Init
                0x08000bb0       0xf8 ./Core/Src/main.o
 .text.Error_Handler
                0x08000ca8        0xc ./Core/Src/main.o
                0x08000ca8                Error_Handler
 .text.setTimer_1
                0x08000cb4       0x38 ./Core/Src/software_timer.o
                0x08000cb4                setTimer_1
 .text.setTimer_2
                0x08000cec       0x38 ./Core/Src/software_timer.o
                0x08000cec                setTimer_2
 .text.setTimer_3
                0x08000d24       0x38 ./Core/Src/software_timer.o
                0x08000d24                setTimer_3
 .text.setTimer_4
                0x08000d5c       0x38 ./Core/Src/software_timer.o
                0x08000d5c                setTimer_4
 .text.timer_run
                0x08000d94       0xac ./Core/Src/software_timer.o
                0x08000d94                timer_run
 .text.HAL_MspInit
                0x08000e40       0x64 ./Core/Src/stm32f1xx_hal_msp.o
                0x08000e40                HAL_MspInit
 .text.HAL_TIM_Base_MspInit
                0x08000ea4       0x48 ./Core/Src/stm32f1xx_hal_msp.o
                0x08000ea4                HAL_TIM_Base_MspInit
 .text.NMI_Handler
                0x08000eec        0x8 ./Core/Src/stm32f1xx_it.o
                0x08000eec                NMI_Handler
 .text.HardFault_Handler
                0x08000ef4        0x8 ./Core/Src/stm32f1xx_it.o
                0x08000ef4                HardFault_Handler
 .text.MemManage_Handler
                0x08000efc        0x8 ./Core/Src/stm32f1xx_it.o
                0x08000efc                MemManage_Handler
 .text.BusFault_Handler
                0x08000f04        0x8 ./Core/Src/stm32f1xx_it.o
                0x08000f04                BusFault_Handler
 .text.UsageFault_Handler
                0x08000f0c        0x8 ./Core/Src/stm32f1xx_it.o
                0x08000f0c                UsageFault_Handler
 .text.SVC_Handler
                0x08000f14        0xc ./Core/Src/stm32f1xx_it.o
                0x08000f14                SVC_Handler
 .text.DebugMon_Handler
                0x08000f20        0xc ./Core/Src/stm32f1xx_it.o
                0x08000f20                DebugMon_Handler
 .text.PendSV_Handler
                0x08000f2c        0xc ./Core/Src/stm32f1xx_it.o
                0x08000f2c                PendSV_Handler
 .text.SysTick_Handler
                0x08000f38        0xc ./Core/Src/stm32f1xx_it.o
                0x08000f38                SysTick_Handler
 .text.TIM2_IRQHandler
                0x08000f44       0x14 ./Core/Src/stm32f1xx_it.o
                0x08000f44                TIM2_IRQHandler
 .text.SystemInit
                0x08000f58        0xc ./Core/Src/system_stm32f1xx.o
                0x08000f58                SystemInit
 .text.HAL_TIM_PeriodElapsedCallback
                0x08000f64       0x18 ./Core/Src/timer.o
                0x08000f64                HAL_TIM_PeriodElapsedCallback
 .text.Reset_Handler
                0x08000f7c       0x48 ./Core/Startup/startup_stm32f103rbtx.o
                0x08000f7c                Reset_Handler
 .text.Default_Handler
                0x08000fc4        0x2 ./Core/Startup/startup_stm32f103rbtx.o
                0x08000fc4                RTC_Alarm_IRQHandler
                0x08000fc4                EXTI2_IRQHandler
                0x08000fc4                TIM1_CC_IRQHandler
                0x08000fc4                PVD_IRQHandler
                0x08000fc4                EXTI3_IRQHandler
                0x08000fc4                EXTI0_IRQHandler
                0x08000fc4                I2C2_EV_IRQHandler
                0x08000fc4                ADC1_2_IRQHandler
                0x08000fc4                SPI1_IRQHandler
                0x08000fc4                TAMPER_IRQHandler
                0x08000fc4                DMA1_Channel4_IRQHandler
                0x08000fc4                USART3_IRQHandler
                0x08000fc4                RTC_IRQHandler
                0x08000fc4                DMA1_Channel7_IRQHandler
                0x08000fc4                CAN1_RX1_IRQHandler
                0x08000fc4                TIM4_IRQHandler
                0x08000fc4                I2C1_EV_IRQHandler
                0x08000fc4                DMA1_Channel6_IRQHandler
                0x08000fc4                TIM3_IRQHandler
                0x08000fc4                RCC_IRQHandler
                0x08000fc4                TIM1_TRG_COM_IRQHandler
                0x08000fc4                DMA1_Channel1_IRQHandler
                0x08000fc4                Default_Handler
                0x08000fc4                EXTI15_10_IRQHandler
                0x08000fc4                EXTI9_5_IRQHandler
                0x08000fc4                SPI2_IRQHandler
                0x08000fc4                DMA1_Channel5_IRQHandler
                0x08000fc4                EXTI4_IRQHandler
                0x08000fc4                USB_LP_CAN1_RX0_IRQHandler
                0x08000fc4                USB_HP_CAN1_TX_IRQHandler
                0x08000fc4                DMA1_Channel3_IRQHandler
                0x08000fc4                TIM1_UP_IRQHandler
                0x08000fc4                WWDG_IRQHandler
                0x08000fc4                TIM1_BRK_IRQHandler
                0x08000fc4                EXTI1_IRQHandler
                0x08000fc4                USART2_IRQHandler
                0x08000fc4                I2C2_ER_IRQHandler
                0x08000fc4                DMA1_Channel2_IRQHandler
                0x08000fc4                CAN1_SCE_IRQHandler
                0x08000fc4                FLASH_IRQHandler
                0x08000fc4                USART1_IRQHandler
                0x08000fc4                I2C1_ER_IRQHandler
                0x08000fc4                USBWakeUp_IRQHandler
 *fill*         0x08000fc6        0x2 
 .text.HAL_Init
                0x08000fc8       0x2c ./Drivers/STM32F1xx_HAL_Driver/Src/stm32f1xx_hal.o
                0x08000fc8                HAL_Init
 .text.HAL_InitTick
                0x08000ff4       0x60 ./Drivers/STM32F1xx_HAL_Driver/Src/stm32f1xx_hal.o
                0x08000ff4                HAL_InitTick
 .text.HAL_IncTick
                0x08001054       0x24 ./Drivers/STM32F1xx_HAL_Driver/Src/stm32f1xx_hal.o
                0x08001054                HAL_IncTick
 .text.HAL_GetTick
                0x08001078       0x14 ./Drivers/STM32F1xx_HAL_Driver/Src/stm32f1xx_hal.o
                0x08001078                HAL_GetTick
 .text.__NVIC_SetPriorityGrouping
                0x0800108c       0x48 ./Drivers/STM32F1xx_HAL_Driver/Src/stm32f1xx_hal_cortex.o
 .text.__NVIC_GetPriorityGrouping
                0x080010d4       0x1c ./Drivers/STM32F1xx_HAL_Driver/Src/stm32f1xx_hal_cortex.o
 .text.__NVIC_EnableIRQ
                0x080010f0       0x38 ./Drivers/STM32F1xx_HAL_Driver/Src/stm32f1xx_hal_cortex.o
 .text.__NVIC_SetPriority
                0x08001128       0x54 ./Drivers/STM32F1xx_HAL_Driver/Src/stm32f1xx_hal_cortex.o
 .text.NVIC_EncodePriority
                0x0800117c       0x64 ./Drivers/STM32F1xx_HAL_Driver/Src/stm32f1xx_hal_cortex.o
 .text.SysTick_Config
                0x080011e0       0x44 ./Drivers/STM32F1xx_HAL_Driver/Src/stm32f1xx_hal_cortex.o
 .text.HAL_NVIC_SetPriorityGrouping
                0x08001224       0x16 ./Drivers/STM32F1xx_HAL_Driver/Src/stm32f1xx_hal_cortex.o
                0x08001224                HAL_NVIC_SetPriorityGrouping
 .text.HAL_NVIC_SetPriority
                0x0800123a       0x38 ./Drivers/STM32F1xx_HAL_Driver/Src/stm32f1xx_hal_cortex.o
                0x0800123a                HAL_NVIC_SetPriority
 .text.HAL_NVIC_EnableIRQ
                0x08001272       0x1c ./Drivers/STM32F1xx_HAL_Driver/Src/stm32f1xx_hal_cortex.o
                0x08001272                HAL_NVIC_EnableIRQ
 .text.HAL_SYSTICK_Config
                0x0800128e       0x18 ./Drivers/STM32F1xx_HAL_Driver/Src/stm32f1xx_hal_cortex.o
                0x0800128e                HAL_SYSTICK_Config
 *fill*         0x080012a6        0x2 
 .text.HAL_GPIO_Init
                0x080012a8      0x308 ./Drivers/STM32F1xx_HAL_Driver/Src/stm32f1xx_hal_gpio.o
                0x080012a8                HAL_GPIO_Init
 .text.HAL_GPIO_ReadPin
                0x080015b0       0x2e ./Drivers/STM32F1xx_HAL_Driver/Src/stm32f1xx_hal_gpio.o
                0x080015b0                HAL_GPIO_ReadPin
 .text.HAL_GPIO_WritePin
                0x080015de       0x30 ./Drivers/STM32F1xx_HAL_Driver/Src/stm32f1xx_hal_gpio.o
                0x080015de                HAL_GPIO_WritePin
 *fill*         0x0800160e        0x2 
 .text.HAL_RCC_OscConfig
                0x08001610      0x504 ./Drivers/STM32F1xx_HAL_Driver/Src/stm32f1xx_hal_rcc.o
                0x08001610                HAL_RCC_OscConfig
 .text.HAL_RCC_ClockConfig
                0x08001b14      0x1d4 ./Drivers/STM32F1xx_HAL_Driver/Src/stm32f1xx_hal_rcc.o
                0x08001b14                HAL_RCC_ClockConfig
 .text.HAL_RCC_GetSysClockFreq
                0x08001ce8       0xa8 ./Drivers/STM32F1xx_HAL_Driver/Src/stm32f1xx_hal_rcc.o
                0x08001ce8                HAL_RCC_GetSysClockFreq
 .text.RCC_Delay
                0x08001d90       0x3c ./Drivers/STM32F1xx_HAL_Driver/Src/stm32f1xx_hal_rcc.o
 .text.HAL_TIM_Base_Init
                0x08001dcc       0x9e ./Drivers/STM32F1xx_HAL_Driver/Src/stm32f1xx_hal_tim.o
                0x08001dcc                HAL_TIM_Base_Init
 *fill*         0x08001e6a        0x2 
 .text.HAL_TIM_Base_Start_IT
                0x08001e6c       0xa4 ./Drivers/STM32F1xx_HAL_Driver/Src/stm32f1xx_hal_tim.o
                0x08001e6c                HAL_TIM_Base_Start_IT
 .text.HAL_TIM_IRQHandler
                0x08001f10      0x1e0 ./Drivers/STM32F1xx_HAL_Driver/Src/stm32f1xx_hal_tim.o
                0x08001f10                HAL_TIM_IRQHandler
 .text.HAL_TIM_ConfigClockSource
                0x080020f0      0x18e ./Drivers/STM32F1xx_HAL_Driver/Src/stm32f1xx_hal_tim.o
                0x080020f0                HAL_TIM_ConfigClockSource
 .text.HAL_TIM_OC_DelayElapsedCallback
                0x0800227e       0x12 ./Drivers/STM32F1xx_HAL_Driver/Src/stm32f1xx_hal_tim.o
                0x0800227e                HAL_TIM_OC_DelayElapsedCallback
 .text.HAL_TIM_IC_CaptureCallback
                0x08002290       0x12 ./Drivers/STM32F1xx_HAL_Driver/Src/stm32f1xx_hal_tim.o
                0x08002290                HAL_TIM_IC_CaptureCallback
 .text.HAL_TIM_PWM_PulseFinishedCallback
                0x080022a2       0x12 ./Drivers/STM32F1xx_HAL_Driver/Src/stm32f1xx_hal_tim.o
                0x080022a2                HAL_TIM_PWM_PulseFinishedCallback
 .text.HAL_TIM_TriggerCallback
                0x080022b4       0x12 ./Drivers/STM32F1xx_HAL_Driver/Src/stm32f1xx_hal_tim.o
                0x080022b4                HAL_TIM_TriggerCallback
 *fill*         0x080022c6        0x2 
 .text.TIM_Base_SetConfig
                0x080022c8       0xdc ./Drivers/STM32F1xx_HAL_Driver/Src/stm32f1xx_hal_tim.o
                0x080022c8                TIM_Base_SetConfig
 .text.TIM_TI1_ConfigInputStage
                0x080023a4       0x5c ./Drivers/STM32F1xx_HAL_Driver/Src/stm32f1xx_hal_tim.o
 .text.TIM_TI2_ConfigInputStage
                0x08002400       0x5e ./Drivers/STM32F1xx_HAL_Driver/Src/stm32f1xx_hal_tim.o
 .text.TIM_ITRx_SetConfig
                0x0800245e       0x34 ./Drivers/STM32F1xx_HAL_Driver/Src/stm32f1xx_hal_tim.o
 .text.TIM_ETR_SetConfig
                0x08002492       0x3e ./Drivers/STM32F1xx_HAL_Driver/Src/stm32f1xx_hal_tim.o
                0x08002492                TIM_ETR_SetConfig
 .text.HAL_TIMEx_MasterConfigSynchronization
                0x080024d0       0xbc ./Drivers/STM32F1xx_HAL_Driver/Src/stm32f1xx_hal_tim_ex.o
                0x080024d0                HAL_TIMEx_MasterConfigSynchronization
 .text.HAL_TIMEx_CommutCallback
                0x0800258c       0x12 ./Drivers/STM32F1xx_HAL_Driver/Src/stm32f1xx_hal_tim_ex.o
                0x0800258c                HAL_TIMEx_CommutCallback
 .text.HAL_TIMEx_BreakCallback
                0x0800259e       0x12 ./Drivers/STM32F1xx_HAL_Driver/Src/stm32f1xx_hal_tim_ex.o
                0x0800259e                HAL_TIMEx_BreakCallback
 .text.memset   0x080025b0       0x10 C:/ST/STM32CubeIDE_1.16.0/STM32CubeIDE/plugins/com.st.stm32cube.ide.mcu.externaltools.gnu-tools-for-stm32.12.3.rel1.win32_1.0.200.202406191623/tools/bin/../lib/gcc/arm-none-eabi/12.3.1/../../../../arm-none-eabi/lib/thumb/v7-m/nofp\libc_nano.a(libc_a-memset.o)
                0x080025b0                memset
 .text.__libc_init_array
                0x080025c0       0x48 C:/ST/STM32CubeIDE_1.16.0/STM32CubeIDE/plugins/com.st.stm32cube.ide.mcu.externaltools.gnu-tools-for-stm32.12.3.rel1.win32_1.0.200.202406191623/tools/bin/../lib/gcc/arm-none-eabi/12.3.1/../../../../arm-none-eabi/lib/thumb/v7-m/nofp\libc_nano.a(libc_a-init.o)
                0x080025c0                __libc_init_array
 *(.glue_7)
 .glue_7        0x08002608        0x0 linker stubs
 *(.glue_7t)
 .glue_7t       0x08002608        0x0 linker stubs
 *(.eh_frame)
 .eh_frame      0x08002608        0x0 C:/ST/STM32CubeIDE_1.16.0/STM32CubeIDE/plugins/com.st.stm32cube.ide.mcu.externaltools.gnu-tools-for-stm32.12.3.rel1.win32_1.0.200.202406191623/tools/bin/../lib/gcc/arm-none-eabi/12.3.1/thumb/v7-m/nofp/crtbegin.o
 *(.init)
 .init          0x08002608        0x4 C:/ST/STM32CubeIDE_1.16.0/STM32CubeIDE/plugins/com.st.stm32cube.ide.mcu.externaltools.gnu-tools-for-stm32.12.3.rel1.win32_1.0.200.202406191623/tools/bin/../lib/gcc/arm-none-eabi/12.3.1/thumb/v7-m/nofp/crti.o
                0x08002608                _init
 .init          0x0800260c        0x8 C:/ST/STM32CubeIDE_1.16.0/STM32CubeIDE/plugins/com.st.stm32cube.ide.mcu.externaltools.gnu-tools-for-stm32.12.3.rel1.win32_1.0.200.202406191623/tools/bin/../lib/gcc/arm-none-eabi/12.3.1/thumb/v7-m/nofp/crtn.o
 *(.fini)
 .fini          0x08002614        0x4 C:/ST/STM32CubeIDE_1.16.0/STM32CubeIDE/plugins/com.st.stm32cube.ide.mcu.externaltools.gnu-tools-for-stm32.12.3.rel1.win32_1.0.200.202406191623/tools/bin/../lib/gcc/arm-none-eabi/12.3.1/thumb/v7-m/nofp/crti.o
                0x08002614                _fini
 .fini          0x08002618        0x8 C:/ST/STM32CubeIDE_1.16.0/STM32CubeIDE/plugins/com.st.stm32cube.ide.mcu.externaltools.gnu-tools-for-stm32.12.3.rel1.win32_1.0.200.202406191623/tools/bin/../lib/gcc/arm-none-eabi/12.3.1/thumb/v7-m/nofp/crtn.o
                0x08002620                        . = ALIGN (0x4)
                0x08002620                        _etext = .

.vfp11_veneer   0x08002620        0x0
 .vfp11_veneer  0x08002620        0x0 linker stubs

.v4_bx          0x08002620        0x0
 .v4_bx         0x08002620        0x0 linker stubs

.iplt           0x08002620        0x0
 .iplt          0x08002620        0x0 C:/ST/STM32CubeIDE_1.16.0/STM32CubeIDE/plugins/com.st.stm32cube.ide.mcu.externaltools.gnu-tools-for-stm32.12.3.rel1.win32_1.0.200.202406191623/tools/bin/../lib/gcc/arm-none-eabi/12.3.1/thumb/v7-m/nofp/crtbegin.o

.rodata         0x08002620       0x24
                0x08002620                        . = ALIGN (0x4)
 *(.rodata)
 *(.rodata*)
 .rodata.AHBPrescTable
                0x08002620       0x10 ./Core/Src/system_stm32f1xx.o
                0x08002620                AHBPrescTable
 .rodata.aPLLMULFactorTable.1
                0x08002630       0x10 ./Drivers/STM32F1xx_HAL_Driver/Src/stm32f1xx_hal_rcc.o
 .rodata.aPredivFactorTable.0
                0x08002640        0x2 ./Drivers/STM32F1xx_HAL_Driver/Src/stm32f1xx_hal_rcc.o
                0x08002644                        . = ALIGN (0x4)
 *fill*         0x08002642        0x2 

.ARM.extab      0x08002644        0x0
                0x08002644                        . = ALIGN (0x4)
 *(.ARM.extab* .gnu.linkonce.armextab.*)
                0x08002644                        . = ALIGN (0x4)

.ARM            0x08002644        0x0
                0x08002644                        . = ALIGN (0x4)
                0x08002644                        __exidx_start = .
 *(.ARM.exidx*)
                0x08002644                        __exidx_end = .
                0x08002644                        . = ALIGN (0x4)

.preinit_array  0x08002644        0x0
                0x08002644                        . = ALIGN (0x4)
                0x08002644                        PROVIDE (__preinit_array_start = .)
 *(.preinit_array*)
                0x08002644                        PROVIDE (__preinit_array_end = .)
                0x08002644                        . = ALIGN (0x4)

.init_array     0x08002644        0x4
                0x08002644                        . = ALIGN (0x4)
                0x08002644                        PROVIDE (__init_array_start = .)
 *(SORT_BY_NAME(.init_array.*))
 *(.init_array*)
 .init_array    0x08002644        0x4 C:/ST/STM32CubeIDE_1.16.0/STM32CubeIDE/plugins/com.st.stm32cube.ide.mcu.externaltools.gnu-tools-for-stm32.12.3.rel1.win32_1.0.200.202406191623/tools/bin/../lib/gcc/arm-none-eabi/12.3.1/thumb/v7-m/nofp/crtbegin.o
                0x08002648                        PROVIDE (__init_array_end = .)
                0x08002648                        . = ALIGN (0x4)

.fini_array     0x08002648        0x4
                0x08002648                        . = ALIGN (0x4)
                [!provide]                        PROVIDE (__fini_array_start = .)
 *(SORT_BY_NAME(.fini_array.*))
 *(.fini_array*)
 .fini_array    0x08002648        0x4 C:/ST/STM32CubeIDE_1.16.0/STM32CubeIDE/plugins/com.st.stm32cube.ide.mcu.externaltools.gnu-tools-for-stm32.12.3.rel1.win32_1.0.200.202406191623/tools/bin/../lib/gcc/arm-none-eabi/12.3.1/thumb/v7-m/nofp/crtbegin.o
                [!provide]                        PROVIDE (__fini_array_end = .)
                0x0800264c                        . = ALIGN (0x4)
                0x0800264c                        _sidata = LOADADDR (.data)

.rel.dyn        0x0800264c        0x0
 .rel.iplt      0x0800264c        0x0 C:/ST/STM32CubeIDE_1.16.0/STM32CubeIDE/plugins/com.st.stm32cube.ide.mcu.externaltools.gnu-tools-for-stm32.12.3.rel1.win32_1.0.200.202406191623/tools/bin/../lib/gcc/arm-none-eabi/12.3.1/thumb/v7-m/nofp/crtbegin.o

.data           0x20000000       0x78 load address 0x0800264c
                0x20000000                        . = ALIGN (0x4)
                0x20000000                        _sdata = .
 *(.data)
 *(.data*)
 .data.KeyReg0  0x20000000        0xc ./Core/Src/button.o
                0x20000000                KeyReg0
 .data.KeyReg1  0x2000000c        0xc ./Core/Src/button.o
                0x2000000c                KeyReg1
 .data.KeyReg2  0x20000018        0xc ./Core/Src/button.o
                0x20000018                KeyReg2
 .data.KeyReg3  0x20000024        0xc ./Core/Src/button.o
                0x20000024                KeyReg3
 .data.TimeOutForKeyPress
                0x20000030        0xc ./Core/Src/button.o
                0x20000030                TimeOutForKeyPress
 .data.red_duration
                0x2000003c        0x4 ./Core/Src/fsm.automatic.o
                0x2000003c                red_duration
 .data.green_duration
                0x20000040        0x4 ./Core/Src/fsm.automatic.o
                0x20000040                green_duration
 .data.yellow_duration
                0x20000044        0x4 ./Core/Src/fsm.automatic.o
                0x20000044                yellow_duration
 .data.temp_red
                0x20000048        0x4 ./Core/Src/fsm.automatic.o
                0x20000048                temp_red
 .data.temp_green
                0x2000004c        0x4 ./Core/Src/fsm.automatic.o
                0x2000004c                temp_green
 .data.temp_yellow
                0x20000050        0x4 ./Core/Src/fsm.automatic.o
                0x20000050                temp_yellow
 .data.status   0x20000054        0x4 ./Core/Src/fsm.automatic.o
                0x20000054                status
 .data.traffic_status
                0x20000058        0x4 ./Core/Src/fsm.automatic.o
                0x20000058                traffic_status
 .data.timer1_flag
                0x2000005c        0x4 ./Core/Src/software_timer.o
                0x2000005c                timer1_flag
 .data.timer2_flag
                0x20000060        0x4 ./Core/Src/software_timer.o
                0x20000060                timer2_flag
 .data.timer3_flag
                0x20000064        0x4 ./Core/Src/software_timer.o
                0x20000064                timer3_flag
 .data.timer4_flag
                0x20000068        0x4 ./Core/Src/software_timer.o
                0x20000068                timer4_flag
 .data.SystemCoreClock
                0x2000006c        0x4 ./Core/Src/system_stm32f1xx.o
                0x2000006c                SystemCoreClock
 .data.uwTickPrio
                0x20000070        0x4 ./Drivers/STM32F1xx_HAL_Driver/Src/stm32f1xx_hal.o
                0x20000070                uwTickPrio
 .data.uwTickFreq
                0x20000074        0x1 ./Drivers/STM32F1xx_HAL_Driver/Src/stm32f1xx_hal.o
                0x20000074                uwTickFreq
 *(.RamFunc)
 *(.RamFunc*)
                0x20000078                        . = ALIGN (0x4)
 *fill*         0x20000075        0x3 
                0x20000078                        _edata = .

.igot.plt       0x20000078        0x0 load address 0x080026c4
 .igot.plt      0x20000078        0x0 C:/ST/STM32CubeIDE_1.16.0/STM32CubeIDE/plugins/com.st.stm32cube.ide.mcu.externaltools.gnu-tools-for-stm32.12.3.rel1.win32_1.0.200.202406191623/tools/bin/../lib/gcc/arm-none-eabi/12.3.1/thumb/v7-m/nofp/crtbegin.o
                0x20000078                        . = ALIGN (0x4)

.bss            0x20000078       0xb8 load address 0x080026c4
                0x20000078                        _sbss = .
                0x20000078                        __bss_start__ = _sbss
 *(.bss)
 .bss           0x20000078       0x1c C:/ST/STM32CubeIDE_1.16.0/STM32CubeIDE/plugins/com.st.stm32cube.ide.mcu.externaltools.gnu-tools-for-stm32.12.3.rel1.win32_1.0.200.202406191623/tools/bin/../lib/gcc/arm-none-eabi/12.3.1/thumb/v7-m/nofp/crtbegin.o
 *(.bss*)
 .bss.button_long_pressed
                0x20000094        0xc ./Core/Src/button.o
                0x20000094                button_long_pressed
 .bss.button_flag
                0x200000a0        0xc ./Core/Src/button.o
                0x200000a0                button_flag
 .bss.red_flag  0x200000ac        0x4 ./Core/Src/fsm.automatic.o
                0x200000ac                red_flag
 .bss.grn_flag  0x200000b0        0x4 ./Core/Src/fsm.automatic.o
                0x200000b0                grn_flag
 .bss.yel_flag  0x200000b4        0x4 ./Core/Src/fsm.automatic.o
                0x200000b4                yel_flag
 .bss.led1      0x200000b8        0x4 ./Core/Src/fsm.automatic.o
                0x200000b8                led1
 .bss.led2      0x200000bc        0x4 ./Core/Src/fsm.automatic.o
                0x200000bc                led2
 .bss.timer     0x200000c0        0x4 ./Core/Src/fsm.automatic.o
                0x200000c0                timer
 .bss.ns_time_left
                0x200000c4        0x4 ./Core/Src/fsm.automatic.o
                0x200000c4                ns_time_left
 .bss.ew_time_left
                0x200000c8        0x4 ./Core/Src/fsm.automatic.o
                0x200000c8                ew_time_left
 .bss.forfun    0x200000cc        0x4 ./Core/Src/fsm.automatic.o
                0x200000cc                forfun
 .bss.led_index
                0x200000d0        0x4 ./Core/Src/fsm.automatic.o
                0x200000d0                led_index
 .bss.htim2     0x200000d4       0x48 ./Core/Src/main.o
                0x200000d4                htim2
 .bss.timer1_counter
                0x2000011c        0x4 ./Core/Src/software_timer.o
                0x2000011c                timer1_counter
 .bss.timer2_counter
                0x20000120        0x4 ./Core/Src/software_timer.o
                0x20000120                timer2_counter
 .bss.timer3_counter
                0x20000124        0x4 ./Core/Src/software_timer.o
                0x20000124                timer3_counter
 .bss.timer4_counter
                0x20000128        0x4 ./Core/Src/software_timer.o
                0x20000128                timer4_counter
 .bss.uwTick    0x2000012c        0x4 ./Drivers/STM32F1xx_HAL_Driver/Src/stm32f1xx_hal.o
                0x2000012c                uwTick
 *(COMMON)
                0x20000130                        . = ALIGN (0x4)
                0x20000130                        _ebss = .
                0x20000130                        __bss_end__ = _ebss

._user_heap_stack
                0x20000130      0x600 load address 0x080026c4
                0x20000130                        . = ALIGN (0x8)
                [!provide]                        PROVIDE (end = .)
                0x20000130                        PROVIDE (_end = .)
                0x20000330                        . = (. + _Min_Heap_Size)
 *fill*         0x20000130      0x200 
                0x20000730                        . = (. + _Min_Stack_Size)
 *fill*         0x20000330      0x400 
                0x20000730                        . = ALIGN (0x8)

/DISCARD/
 libc.a(*)
 libm.a(*)
 libgcc.a(*)

.ARM.attributes
                0x00000000       0x29
 *(.ARM.attributes)
 .ARM.attributes
                0x00000000       0x1d C:/ST/STM32CubeIDE_1.16.0/STM32CubeIDE/plugins/com.st.stm32cube.ide.mcu.externaltools.gnu-tools-for-stm32.12.3.rel1.win32_1.0.200.202406191623/tools/bin/../lib/gcc/arm-none-eabi/12.3.1/thumb/v7-m/nofp/crti.o
 .ARM.attributes
                0x0000001d       0x2d C:/ST/STM32CubeIDE_1.16.0/STM32CubeIDE/plugins/com.st.stm32cube.ide.mcu.externaltools.gnu-tools-for-stm32.12.3.rel1.win32_1.0.200.202406191623/tools/bin/../lib/gcc/arm-none-eabi/12.3.1/thumb/v7-m/nofp/crtbegin.o
 .ARM.attributes
                0x0000004a       0x2d ./Core/Src/button.o
 .ARM.attributes
                0x00000077       0x2d ./Core/Src/fsm.automatic.o
 .ARM.attributes
                0x000000a4       0x2d ./Core/Src/main.o
 .ARM.attributes
                0x000000d1       0x2d ./Core/Src/software_timer.o
 .ARM.attributes
                0x000000fe       0x2d ./Core/Src/stm32f1xx_hal_msp.o
 .ARM.attributes
                0x0000012b       0x2d ./Core/Src/stm32f1xx_it.o
 .ARM.attributes
                0x00000158       0x2d ./Core/Src/system_stm32f1xx.o
 .ARM.attributes
                0x00000185       0x2d ./Core/Src/timer.o
 .ARM.attributes
                0x000001b2       0x21 ./Core/Startup/startup_stm32f103rbtx.o
 .ARM.attributes
                0x000001d3       0x2d ./Drivers/STM32F1xx_HAL_Driver/Src/stm32f1xx_hal.o
 .ARM.attributes
                0x00000200       0x2d ./Drivers/STM32F1xx_HAL_Driver/Src/stm32f1xx_hal_cortex.o
 .ARM.attributes
                0x0000022d       0x2d ./Drivers/STM32F1xx_HAL_Driver/Src/stm32f1xx_hal_gpio.o
 .ARM.attributes
                0x0000025a       0x2d ./Drivers/STM32F1xx_HAL_Driver/Src/stm32f1xx_hal_rcc.o
 .ARM.attributes
                0x00000287       0x2d ./Drivers/STM32F1xx_HAL_Driver/Src/stm32f1xx_hal_tim.o
 .ARM.attributes
                0x000002b4       0x2d ./Drivers/STM32F1xx_HAL_Driver/Src/stm32f1xx_hal_tim_ex.o
 .ARM.attributes
                0x000002e1       0x2d C:/ST/STM32CubeIDE_1.16.0/STM32CubeIDE/plugins/com.st.stm32cube.ide.mcu.externaltools.gnu-tools-for-stm32.12.3.rel1.win32_1.0.200.202406191623/tools/bin/../lib/gcc/arm-none-eabi/12.3.1/../../../../arm-none-eabi/lib/thumb/v7-m/nofp\libc_nano.a(libc_a-memset.o)
 .ARM.attributes
                0x0000030e       0x2d C:/ST/STM32CubeIDE_1.16.0/STM32CubeIDE/plugins/com.st.stm32cube.ide.mcu.externaltools.gnu-tools-for-stm32.12.3.rel1.win32_1.0.200.202406191623/tools/bin/../lib/gcc/arm-none-eabi/12.3.1/../../../../arm-none-eabi/lib/thumb/v7-m/nofp\libc_nano.a(libc_a-init.o)
 .ARM.attributes
                0x0000033b       0x1d C:/ST/STM32CubeIDE_1.16.0/STM32CubeIDE/plugins/com.st.stm32cube.ide.mcu.externaltools.gnu-tools-for-stm32.12.3.rel1.win32_1.0.200.202406191623/tools/bin/../lib/gcc/arm-none-eabi/12.3.1/thumb/v7-m/nofp/crtn.o
OUTPUT(TrafficLights.elf elf32-littlearm)
LOAD linker stubs
LOAD C:/ST/STM32CubeIDE_1.16.0/STM32CubeIDE/plugins/com.st.stm32cube.ide.mcu.externaltools.gnu-tools-for-stm32.12.3.rel1.win32_1.0.200.202406191623/tools/bin/../lib/gcc/arm-none-eabi/12.3.1/../../../../arm-none-eabi/lib/thumb/v7-m/nofp\libc.a
LOAD C:/ST/STM32CubeIDE_1.16.0/STM32CubeIDE/plugins/com.st.stm32cube.ide.mcu.externaltools.gnu-tools-for-stm32.12.3.rel1.win32_1.0.200.202406191623/tools/bin/../lib/gcc/arm-none-eabi/12.3.1/../../../../arm-none-eabi/lib/thumb/v7-m/nofp\libm.a
LOAD C:/ST/STM32CubeIDE_1.16.0/STM32CubeIDE/plugins/com.st.stm32cube.ide.mcu.externaltools.gnu-tools-for-stm32.12.3.rel1.win32_1.0.200.202406191623/tools/bin/../lib/gcc/arm-none-eabi/12.3.1/thumb/v7-m/nofp\libgcc.a

.debug_info     0x00000000     0x8a15
 .debug_info    0x00000000      0x2a7 ./Core/Src/button.o
 .debug_info    0x000002a7      0x537 ./Core/Src/fsm.automatic.o
 .debug_info    0x000007de      0xb7a ./Core/Src/main.o
 .debug_info    0x00001358      0x17a ./Core/Src/software_timer.o
 .debug_info    0x000014d2      0x938 ./Core/Src/stm32f1xx_hal_msp.o
 .debug_info    0x00001e0a      0x6a1 ./Core/Src/stm32f1xx_it.o
 .debug_info    0x000024ab      0x222 ./Core/Src/system_stm32f1xx.o
 .debug_info    0x000026cd      0x619 ./Core/Src/timer.o
 .debug_info    0x00002ce6       0x30 ./Core/Startup/startup_stm32f103rbtx.o
 .debug_info    0x00002d16      0x704 ./Drivers/STM32F1xx_HAL_Driver/Src/stm32f1xx_hal.o
 .debug_info    0x0000341a      0xa87 ./Drivers/STM32F1xx_HAL_Driver/Src/stm32f1xx_hal_cortex.o
 .debug_info    0x00003ea1      0x5ab ./Drivers/STM32F1xx_HAL_Driver/Src/stm32f1xx_hal_gpio.o
 .debug_info    0x0000444c      0x7d5 ./Drivers/STM32F1xx_HAL_Driver/Src/stm32f1xx_hal_rcc.o
 .debug_info    0x00004c21     0x2959 ./Drivers/STM32F1xx_HAL_Driver/Src/stm32f1xx_hal_tim.o
 .debug_info    0x0000757a     0x149b ./Drivers/STM32F1xx_HAL_Driver/Src/stm32f1xx_hal_tim_ex.o

.debug_abbrev   0x00000000     0x1b4a
 .debug_abbrev  0x00000000      0x194 ./Core/Src/button.o
 .debug_abbrev  0x00000194      0x212 ./Core/Src/fsm.automatic.o
 .debug_abbrev  0x000003a6      0x288 ./Core/Src/main.o
 .debug_abbrev  0x0000062e       0xa7 ./Core/Src/software_timer.o
 .debug_abbrev  0x000006d5      0x1ad ./Core/Src/stm32f1xx_hal_msp.o
 .debug_abbrev  0x00000882      0x191 ./Core/Src/stm32f1xx_it.o
 .debug_abbrev  0x00000a13      0x13f ./Core/Src/system_stm32f1xx.o
 .debug_abbrev  0x00000b52      0x165 ./Core/Src/timer.o
 .debug_abbrev  0x00000cb7       0x24 ./Core/Startup/startup_stm32f103rbtx.o
 .debug_abbrev  0x00000cdb      0x201 ./Drivers/STM32F1xx_HAL_Driver/Src/stm32f1xx_hal.o
 .debug_abbrev  0x00000edc      0x2f8 ./Drivers/STM32F1xx_HAL_Driver/Src/stm32f1xx_hal_cortex.o
 .debug_abbrev  0x000011d4      0x1ca ./Drivers/STM32F1xx_HAL_Driver/Src/stm32f1xx_hal_gpio.o
 .debug_abbrev  0x0000139e      0x2b3 ./Drivers/STM32F1xx_HAL_Driver/Src/stm32f1xx_hal_rcc.o
 .debug_abbrev  0x00001651      0x277 ./Drivers/STM32F1xx_HAL_Driver/Src/stm32f1xx_hal_tim.o
 .debug_abbrev  0x000018c8      0x282 ./Drivers/STM32F1xx_HAL_Driver/Src/stm32f1xx_hal_tim_ex.o

.debug_aranges  0x00000000      0xa00
 .debug_aranges
                0x00000000       0x38 ./Core/Src/button.o
 .debug_aranges
                0x00000038       0x40 ./Core/Src/fsm.automatic.o
 .debug_aranges
                0x00000078       0x40 ./Core/Src/main.o
 .debug_aranges
                0x000000b8       0x40 ./Core/Src/software_timer.o
 .debug_aranges
                0x000000f8       0x30 ./Core/Src/stm32f1xx_hal_msp.o
 .debug_aranges
                0x00000128       0x68 ./Core/Src/stm32f1xx_it.o
 .debug_aranges
                0x00000190       0x28 ./Core/Src/system_stm32f1xx.o
 .debug_aranges
                0x000001b8       0x20 ./Core/Src/timer.o
 .debug_aranges
                0x000001d8       0x28 ./Core/Startup/startup_stm32f103rbtx.o
 .debug_aranges
                0x00000200       0xe0 ./Drivers/STM32F1xx_HAL_Driver/Src/stm32f1xx_hal.o
 .debug_aranges
                0x000002e0      0x100 ./Drivers/STM32F1xx_HAL_Driver/Src/stm32f1xx_hal_cortex.o
 .debug_aranges
                0x000003e0       0x58 ./Drivers/STM32F1xx_HAL_Driver/Src/stm32f1xx_hal_gpio.o
 .debug_aranges
                0x00000438       0x90 ./Drivers/STM32F1xx_HAL_Driver/Src/stm32f1xx_hal_rcc.o
 .debug_aranges
                0x000004c8      0x3d0 ./Drivers/STM32F1xx_HAL_Driver/Src/stm32f1xx_hal_tim.o
 .debug_aranges
                0x00000898      0x168 ./Drivers/STM32F1xx_HAL_Driver/Src/stm32f1xx_hal_tim_ex.o

.debug_rnglists
                0x00000000      0x7a5
 .debug_rnglists
                0x00000000       0x26 ./Core/Src/button.o
 .debug_rnglists
                0x00000026       0x30 ./Core/Src/fsm.automatic.o
 .debug_rnglists
                0x00000056       0x2d ./Core/Src/main.o
 .debug_rnglists
                0x00000083       0x2c ./Core/Src/software_timer.o
 .debug_rnglists
                0x000000af       0x1f ./Core/Src/stm32f1xx_hal_msp.o
 .debug_rnglists
                0x000000ce       0x49 ./Core/Src/stm32f1xx_it.o
 .debug_rnglists
                0x00000117       0x1a ./Core/Src/system_stm32f1xx.o
 .debug_rnglists
                0x00000131       0x13 ./Core/Src/timer.o
 .debug_rnglists
                0x00000144       0x19 ./Core/Startup/startup_stm32f103rbtx.o
 .debug_rnglists
                0x0000015d       0xa3 ./Drivers/STM32F1xx_HAL_Driver/Src/stm32f1xx_hal.o
 .debug_rnglists
                0x00000200       0xbb ./Drivers/STM32F1xx_HAL_Driver/Src/stm32f1xx_hal_cortex.o
 .debug_rnglists
                0x000002bb       0x3f ./Drivers/STM32F1xx_HAL_Driver/Src/stm32f1xx_hal_gpio.o
 .debug_rnglists
                0x000002fa       0x6c ./Drivers/STM32F1xx_HAL_Driver/Src/stm32f1xx_hal_rcc.o
 .debug_rnglists
                0x00000366      0x31a ./Drivers/STM32F1xx_HAL_Driver/Src/stm32f1xx_hal_tim.o
 .debug_rnglists
                0x00000680      0x125 ./Drivers/STM32F1xx_HAL_Driver/Src/stm32f1xx_hal_tim_ex.o

.debug_macro    0x00000000    0x16c6c
 .debug_macro   0x00000000      0x1bd ./Core/Src/button.o
 .debug_macro   0x000001bd      0xaa8 ./Core/Src/button.o
 .debug_macro   0x00000c65      0x215 ./Core/Src/button.o
 .debug_macro   0x00000e7a       0x2e ./Core/Src/button.o
 .debug_macro   0x00000ea8       0x22 ./Core/Src/button.o
 .debug_macro   0x00000eca       0x22 ./Core/Src/button.o
 .debug_macro   0x00000eec       0x8e ./Core/Src/button.o
 .debug_macro   0x00000f7a       0x51 ./Core/Src/button.o
 .debug_macro   0x00000fcb      0x103 ./Core/Src/button.o
 .debug_macro   0x000010ce       0x6a ./Core/Src/button.o
 .debug_macro   0x00001138      0x1df ./Core/Src/button.o
 .debug_macro   0x00001317       0x1c ./Core/Src/button.o
 .debug_macro   0x00001333       0x22 ./Core/Src/button.o
 .debug_macro   0x00001355       0xbd ./Core/Src/button.o
 .debug_macro   0x00001412      0xd23 ./Core/Src/button.o
 .debug_macro   0x00002135     0xe09e ./Core/Src/button.o
 .debug_macro   0x000101d3       0x6d ./Core/Src/button.o
 .debug_macro   0x00010240     0x34a2 ./Core/Src/button.o
 .debug_macro   0x000136e2      0x189 ./Core/Src/button.o
 .debug_macro   0x0001386b       0x5c ./Core/Src/button.o
 .debug_macro   0x000138c7      0x5bc ./Core/Src/button.o
 .debug_macro   0x00013e83      0x289 ./Core/Src/button.o
 .debug_macro   0x0001410c      0x1cb ./Core/Src/button.o
 .debug_macro   0x000142d7      0x114 ./Core/Src/button.o
 .debug_macro   0x000143eb      0x1b2 ./Core/Src/button.o
 .debug_macro   0x0001459d       0x27 ./Core/Src/button.o
 .debug_macro   0x000145c4      0x136 ./Core/Src/button.o
 .debug_macro   0x000146fa      0x1bc ./Core/Src/button.o
 .debug_macro   0x000148b6       0x34 ./Core/Src/button.o
 .debug_macro   0x000148ea       0x3c ./Core/Src/button.o
 .debug_macro   0x00014926       0x57 ./Core/Src/button.o
 .debug_macro   0x0001497d       0x87 ./Core/Src/button.o
 .debug_macro   0x00014a04      0x240 ./Core/Src/button.o
 .debug_macro   0x00014c44      0x140 ./Core/Src/button.o
 .debug_macro   0x00014d84      0x8ed ./Core/Src/button.o
 .debug_macro   0x00015671       0x83 ./Core/Src/button.o
 .debug_macro   0x000156f4       0x58 ./Core/Src/button.o
 .debug_macro   0x0001574c       0x10 ./Core/Src/button.o
 .debug_macro   0x0001575c      0x1ef ./Core/Src/fsm.automatic.o
 .debug_macro   0x0001594b       0x10 ./Core/Src/fsm.automatic.o
 .debug_macro   0x0001595b       0x16 ./Core/Src/fsm.automatic.o
 .debug_macro   0x00015971       0x40 ./Core/Src/fsm.automatic.o
 .debug_macro   0x000159b1      0x1a8 ./Core/Src/main.o
 .debug_macro   0x00015b59       0x1a ./Core/Src/software_timer.o
 .debug_macro   0x00015b73      0x1a8 ./Core/Src/stm32f1xx_hal_msp.o
 .debug_macro   0x00015d1b      0x1b2 ./Core/Src/stm32f1xx_it.o
 .debug_macro   0x00015ecd      0x199 ./Core/Src/system_stm32f1xx.o
 .debug_macro   0x00016066      0x1ce ./Core/Src/timer.o
 .debug_macro   0x00016234      0x1bd ./Drivers/STM32F1xx_HAL_Driver/Src/stm32f1xx_hal.o
 .debug_macro   0x000163f1      0x199 ./Drivers/STM32F1xx_HAL_Driver/Src/stm32f1xx_hal_cortex.o
 .debug_macro   0x0001658a      0x204 ./Drivers/STM32F1xx_HAL_Driver/Src/stm32f1xx_hal_gpio.o
 .debug_macro   0x0001678e      0x1ab ./Drivers/STM32F1xx_HAL_Driver/Src/stm32f1xx_hal_rcc.o
 .debug_macro   0x00016939      0x19a ./Drivers/STM32F1xx_HAL_Driver/Src/stm32f1xx_hal_tim.o
 .debug_macro   0x00016ad3      0x199 ./Drivers/STM32F1xx_HAL_Driver/Src/stm32f1xx_hal_tim_ex.o

.debug_line     0x00000000     0xb3d2
 .debug_line    0x00000000      0x7d7 ./Core/Src/button.o
 .debug_line    0x000007d7      0xa61 ./Core/Src/fsm.automatic.o
 .debug_line    0x00001238      0x7fd ./Core/Src/main.o
 .debug_line    0x00001a35      0x125 ./Core/Src/software_timer.o
 .debug_line    0x00001b5a      0x729 ./Core/Src/stm32f1xx_hal_msp.o
 .debug_line    0x00002283      0x7c7 ./Core/Src/stm32f1xx_it.o
 .debug_line    0x00002a4a      0x76b ./Core/Src/system_stm32f1xx.o
 .debug_line    0x000031b5      0x713 ./Core/Src/timer.o
 .debug_line    0x000038c8       0x78 ./Core/Startup/startup_stm32f103rbtx.o
 .debug_line    0x00003940      0x998 ./Drivers/STM32F1xx_HAL_Driver/Src/stm32f1xx_hal.o
 .debug_line    0x000042d8      0xb84 ./Drivers/STM32F1xx_HAL_Driver/Src/stm32f1xx_hal_cortex.o
 .debug_line    0x00004e5c      0xa31 ./Drivers/STM32F1xx_HAL_Driver/Src/stm32f1xx_hal_gpio.o
 .debug_line    0x0000588d      0xda1 ./Drivers/STM32F1xx_HAL_Driver/Src/stm32f1xx_hal_rcc.o
 .debug_line    0x0000662e     0x34bd ./Drivers/STM32F1xx_HAL_Driver/Src/stm32f1xx_hal_tim.o
 .debug_line    0x00009aeb     0x18e7 ./Drivers/STM32F1xx_HAL_Driver/Src/stm32f1xx_hal_tim_ex.o

.debug_str      0x00000000    0x846d2
 .debug_str     0x00000000    0x8197d ./Core/Src/button.o
                              0x81cb0 (size before relaxing)
 .debug_str     0x0008197d      0x2b3 ./Core/Src/fsm.automatic.o
                              0x81eae (size before relaxing)
 .debug_str     0x00081c30      0x773 ./Core/Src/main.o
                              0x823e3 (size before relaxing)
 .debug_str     0x000823a3       0x63 ./Core/Src/software_timer.o
                               0x2eaa (size before relaxing)
 .debug_str     0x00082406      0x33a ./Core/Src/stm32f1xx_hal_msp.o
                              0x823ec (size before relaxing)
 .debug_str     0x00082740       0xec ./Core/Src/stm32f1xx_it.o
                              0x820ed (size before relaxing)
 .debug_str     0x0008282c       0x88 ./Core/Src/system_stm32f1xx.o
                              0x81aea (size before relaxing)
 .debug_str     0x000828b4       0x37 ./Core/Src/timer.o
                              0x820b9 (size before relaxing)
 .debug_str     0x000828eb       0x44 ./Core/Startup/startup_stm32f103rbtx.o
                                 0x9b (size before relaxing)
 .debug_str     0x0008292f      0x38e ./Drivers/STM32F1xx_HAL_Driver/Src/stm32f1xx_hal.o
                              0x8221d (size before relaxing)
 .debug_str     0x00082cbd      0x294 ./Drivers/STM32F1xx_HAL_Driver/Src/stm32f1xx_hal_cortex.o
                              0x82169 (size before relaxing)
 .debug_str     0x00082f51      0x2e5 ./Drivers/STM32F1xx_HAL_Driver/Src/stm32f1xx_hal_gpio.o
                              0x81e70 (size before relaxing)
 .debug_str     0x00083236      0x229 ./Drivers/STM32F1xx_HAL_Driver/Src/stm32f1xx_hal_rcc.o
                              0x81f19 (size before relaxing)
 .debug_str     0x0008345f      0xde0 ./Drivers/STM32F1xx_HAL_Driver/Src/stm32f1xx_hal_tim.o
                              0x82f1b (size before relaxing)
 .debug_str     0x0008423f      0x493 ./Drivers/STM32F1xx_HAL_Driver/Src/stm32f1xx_hal_tim_ex.o
                              0x82727 (size before relaxing)

.comment        0x00000000       0x43
 .comment       0x00000000       0x43 ./Core/Src/button.o
                                 0x44 (size before relaxing)
 .comment       0x00000043       0x44 ./Core/Src/fsm.automatic.o
 .comment       0x00000043       0x44 ./Core/Src/main.o
 .comment       0x00000043       0x44 ./Core/Src/software_timer.o
 .comment       0x00000043       0x44 ./Core/Src/stm32f1xx_hal_msp.o
 .comment       0x00000043       0x44 ./Core/Src/stm32f1xx_it.o
 .comment       0x00000043       0x44 ./Core/Src/system_stm32f1xx.o
 .comment       0x00000043       0x44 ./Core/Src/timer.o
 .comment       0x00000043       0x44 ./Drivers/STM32F1xx_HAL_Driver/Src/stm32f1xx_hal.o
 .comment       0x00000043       0x44 ./Drivers/STM32F1xx_HAL_Driver/Src/stm32f1xx_hal_cortex.o
 .comment       0x00000043       0x44 ./Drivers/STM32F1xx_HAL_Driver/Src/stm32f1xx_hal_gpio.o
 .comment       0x00000043       0x44 ./Drivers/STM32F1xx_HAL_Driver/Src/stm32f1xx_hal_rcc.o
 .comment       0x00000043       0x44 ./Drivers/STM32F1xx_HAL_Driver/Src/stm32f1xx_hal_tim.o
 .comment       0x00000043       0x44 ./Drivers/STM32F1xx_HAL_Driver/Src/stm32f1xx_hal_tim_ex.o

.debug_frame    0x00000000     0x2804
 .debug_frame   0x00000000       0xac ./Core/Src/button.o
 .debug_frame   0x000000ac       0xb0 ./Core/Src/fsm.automatic.o
 .debug_frame   0x0000015c       0xb0 ./Core/Src/main.o
 .debug_frame   0x0000020c       0xd0 ./Core/Src/software_timer.o
 .debug_frame   0x000002dc       0x80 ./Core/Src/stm32f1xx_hal_msp.o
 .debug_frame   0x0000035c      0x120 ./Core/Src/stm32f1xx_it.o
 .debug_frame   0x0000047c       0x58 ./Core/Src/system_stm32f1xx.o
 .debug_frame   0x000004d4       0x34 ./Core/Src/timer.o
 .debug_frame   0x00000508      0x334 ./Drivers/STM32F1xx_HAL_Driver/Src/stm32f1xx_hal.o
 .debug_frame   0x0000083c      0x428 ./Drivers/STM32F1xx_HAL_Driver/Src/stm32f1xx_hal_cortex.o
 .debug_frame   0x00000c64      0x14c ./Drivers/STM32F1xx_HAL_Driver/Src/stm32f1xx_hal_gpio.o
 .debug_frame   0x00000db0      0x218 ./Drivers/STM32F1xx_HAL_Driver/Src/stm32f1xx_hal_rcc.o
 .debug_frame   0x00000fc8     0x11b8 ./Drivers/STM32F1xx_HAL_Driver/Src/stm32f1xx_hal_tim.o
 .debug_frame   0x00002180      0x638 ./Drivers/STM32F1xx_HAL_Driver/Src/stm32f1xx_hal_tim_ex.o
 .debug_frame   0x000027b8       0x20 C:/ST/STM32CubeIDE_1.16.0/STM32CubeIDE/plugins/com.st.stm32cube.ide.mcu.externaltools.gnu-tools-for-stm32.12.3.rel1.win32_1.0.200.202406191623/tools/bin/../lib/gcc/arm-none-eabi/12.3.1/../../../../arm-none-eabi/lib/thumb/v7-m/nofp\libc_nano.a(libc_a-memset.o)
 .debug_frame   0x000027d8       0x2c C:/ST/STM32CubeIDE_1.16.0/STM32CubeIDE/plugins/com.st.stm32cube.ide.mcu.externaltools.gnu-tools-for-stm32.12.3.rel1.win32_1.0.200.202406191623/tools/bin/../lib/gcc/arm-none-eabi/12.3.1/../../../../arm-none-eabi/lib/thumb/v7-m/nofp\libc_nano.a(libc_a-init.o)

.debug_line_str
                0x00000000       0x7f
 .debug_line_str
                0x00000000       0x7f ./Core/Startup/startup_stm32f103rbtx.o
